Dec 31 16:00:06 firewall syslog.info syslogd started: BusyBox v1.21.1
Dec 31 16:00:06 firewall user.notice kernel: klogd started: BusyBox v1.21.1 (2014-12-25 11:00:52 CET)
Dec 31 16:00:06 firewall user.warn kernel: CPU revision is: 00029008
Dec 31 16:00:06 firewall user.warn kernel: Primary instruction cache 16kB, physically tagged, 2-way, linesize 16 bytes.
Dec 31 16:00:06 firewall user.warn kernel: Primary data cache 8kB, 2-way, linesize 16 bytes.
Dec 31 16:00:06 firewall user.warn kernel: Linux version 2.4.37.11 (root@tomato) (gcc version 3.4.6) #7 2014-12-25 11:06:04 CET
Dec 31 16:00:06 firewall user.warn kernel: Setting the PFC to its default value
Dec 31 16:00:06 firewall user.warn kernel: Determined physical RAM map:
Dec 31 16:00:06 firewall user.warn kernel:  memory: 01000000 @ 00000000 (usable)
Dec 31 16:00:06 firewall user.warn kernel: On node 0 totalpages: 4096
Dec 31 16:00:06 firewall user.warn kernel: zone(0): 4096 pages.
Dec 31 16:00:06 firewall user.warn kernel: zone(1): 0 pages.
Dec 31 16:00:06 firewall user.warn kernel: zone(2): 0 pages.
Dec 31 16:00:06 firewall user.warn kernel: Kernel command line: root=/dev/mtdblock2 noinitrd console=ttyS0,115200
Dec 31 16:00:06 firewall user.warn kernel: CPU: BCM5352 rev 0 pkg 2 at 200 MHz
Dec 31 16:00:06 firewall user.warn kernel: Using 100.000 MHz high precision timer.
Dec 31 16:00:06 firewall user.warn kernel: Calibrating delay loop... 199.47 BogoMIPS
Dec 31 16:00:06 firewall user.info kernel: Memory: 14288k/16384k available (1475k kernel code, 2096k reserved, 100k data, 84k init, 0k highmem)
Dec 31 16:00:06 firewall user.info kernel: Dentry cache hash table entries: 2048 (order: 2, 16384 bytes)
Dec 31 16:00:06 firewall user.info kernel: Inode cache hash table entries: 1024 (order: 1, 8192 bytes)
Dec 31 16:00:06 firewall user.info kernel: Mount cache hash table entries: 512 (order: 0, 4096 bytes)
Dec 31 16:00:06 firewall user.info kernel: Buffer cache hash table entries: 1024 (order: 0, 4096 bytes)
Dec 31 16:00:06 firewall user.warn kernel: Page-cache hash table entries: 4096 (order: 2, 16384 bytes)
Dec 31 16:00:06 firewall user.warn kernel: Checking for 'wait' instruction...  unavailable.
Dec 31 16:00:06 firewall user.warn kernel: POSIX conformance testing by UNIFIX
Dec 31 16:00:06 firewall user.warn kernel: PCI: no core
Dec 31 16:00:06 firewall user.warn kernel: PCI: Fixing up bus 0
Dec 31 16:00:06 firewall user.info kernel: Linux NET4.0 for Linux 2.4
Dec 31 16:00:06 firewall user.info kernel: Based upon Swansea University Computer Society NET3.039
Dec 31 16:00:06 firewall user.warn kernel: Initializing RT netlink socket
Dec 31 16:00:06 firewall user.warn kernel: Starting kswapd
Dec 31 16:00:06 firewall user.info kernel: devfs: v1.12c (20020818) Richard Gooch (rgooch@atnf.csiro.au)
Dec 31 16:00:06 firewall user.info kernel: devfs: boot_options: 0x1
Dec 31 16:00:06 firewall user.info kernel: squashfs: version 3.0 (2006/03/15) Phillip Lougher
Dec 31 16:00:06 firewall user.warn kernel: pty: 256 Unix98 ptys configured
Dec 31 16:00:06 firewall user.info kernel: Serial driver version 5.05c (2001-07-08) with MANY_PORTS SHARE_IRQ SERIAL_PCI enabled
Dec 31 16:00:06 firewall user.info kernel: ttyS00 at 0xb8000300 (irq = 3) is a 16550A
Dec 31 16:00:06 firewall user.info kernel: ttyS01 at 0xb8000400 (irq = 3) is a 16550A
Dec 31 16:00:06 firewall user.warn kernel: HDLC line discipline: version $Revision: 3.7 $, maxframe=4096
Dec 31 16:00:06 firewall user.info kernel: N_HDLC line discipline registered.
Dec 31 16:00:06 firewall user.info kernel: PPP generic driver version 2.4.2
Dec 31 16:00:06 firewall user.info kernel: MPPE/MPPC encryption/compression module registered
Dec 31 16:00:06 firewall user.info kernel: PPPoL2TP kernel driver, V0.15.1
Dec 31 16:00:06 firewall user.info kernel: PPTP driver version 0.8.5
Dec 31 16:00:06 firewall user.debug kernel: Physically mapped flash: Found an alias at 0x400000 for the chip at 0x0
Dec 31 16:00:06 firewall user.debug kernel: Physically mapped flash: Found an alias at 0x800000 for the chip at 0x0
Dec 31 16:00:06 firewall user.debug kernel: Physically mapped flash: Found an alias at 0xc00000 for the chip at 0x0
Dec 31 16:00:06 firewall user.debug kernel: Physically mapped flash: Found an alias at 0x1000000 for the chip at 0x0
Dec 31 16:00:06 firewall user.debug kernel: Physically mapped flash: Found an alias at 0x1400000 for the chip at 0x0
Dec 31 16:00:06 firewall user.debug kernel: Physically mapped flash: Found an alias at 0x1800000 for the chip at 0x0
Dec 31 16:00:06 firewall user.debug kernel: Physically mapped flash: Found an alias at 0x1c00000 for the chip at 0x0
Dec 31 16:00:06 firewall user.notice kernel:  Amd/Fujitsu Extended Query Table v1.1 at 0x0040
Dec 31 16:00:06 firewall user.notice kernel:  Flash Id: Vendor: 0x00c2 Device: 0x00a8
Dec 31 16:00:06 firewall user.notice kernel: number of CFI chips: 1
Dec 31 16:00:06 firewall user.notice kernel: cfi_cmdset_0002: Disabling fast programming due to code brokenness.
Dec 31 16:00:06 firewall user.notice kernel: Flash device: 0x400000 at 0x1c000000
Dec 31 16:00:06 firewall user.notice kernel: Creating 5 MTD partitions on "Physically mapped flash":
Dec 31 16:00:06 firewall user.notice kernel: 0x00000000-0x00040000 : "pmon"
Dec 31 16:00:06 firewall user.notice kernel: 0x00040000-0x003f0000 : "linux"
Dec 31 16:00:06 firewall user.notice kernel: 0x000bfc00-0x00390000 : "rootfs"
Dec 31 16:00:06 firewall user.notice kernel: 0x00390000-0x003f0000 : "jffs2"
Dec 31 16:00:06 firewall user.notice kernel: 0x003f0000-0x00400000 : "nvram"
Dec 31 16:00:06 firewall user.err kernel: sflash: found no supported devices
Dec 31 16:00:06 firewall user.info kernel: Initializing Cryptographic API
Dec 31 16:00:06 firewall user.info kernel: NET4: Linux TCP/IP 1.0 for NET4.0
Dec 31 16:00:06 firewall user.info kernel: IP Protocols: ICMP, UDP, TCP, IGMP
Dec 31 16:00:06 firewall user.info kernel: IP: routing cache hash table of 16384 buckets, 128Kbytes
Dec 31 16:00:06 firewall user.info kernel: TCP: Hash tables configured (established 1024 bind 2048)
Dec 31 16:00:06 firewall user.info kernel: Linux IP multicast router 0.06 plus PIM-SM
Dec 31 16:00:06 firewall user.warn kernel: ip_conntrack version 2.1 (16384 buckets, 8192 max) - 352 bytes per conntrack
Dec 31 16:00:06 firewall user.warn kernel: ip_tables: (C) 2000-2002 Netfilter core team
Dec 31 16:00:06 firewall user.info kernel: ipt_account 0.1.20 : Piotr Gasidlo <quaker@barbara.eu.org>, http://www.barbara.eu.org/~quaker/ipt_account/
Dec 31 16:00:06 firewall user.warn kernel: tomato_ct.c [Dec 25 2014 10:12:16]
Dec 31 16:00:06 firewall user.info kernel: NET4: Unix domain sockets 1.0/SMP for Linux NET4.0.
Dec 31 16:00:06 firewall user.info kernel: NET4: Ethernet Bridge 008 for NET4.0
Dec 31 16:00:06 firewall user.info kernel: 802.1Q VLAN Support v1.8 Ben Greear <greearb@candelatech.com>
Dec 31 16:00:06 firewall user.info kernel: All bugs added by David S. Miller <davem@redhat.com>
Dec 31 16:00:06 firewall user.warn kernel: VFS: Mounted root (squashfs filesystem) readonly.
Dec 31 16:00:06 firewall user.info kernel: Mounted devfs on /dev
Dec 31 16:00:06 firewall user.info kernel: Freeing unused kernel memory: 84k freed
Dec 31 16:00:06 firewall user.debug kernel: PCI: Setting latency timer of device 00:01.0 to 64
Dec 31 16:00:06 firewall user.warn kernel: eth0: Broadcom BCM47xx 10/100 Mbps Ethernet Controller 4.150.10.29
Dec 31 16:00:07 firewall user.debug kernel: PCI: Setting latency timer of device 00:05.0 to 64
Dec 31 16:00:07 firewall user.warn kernel: eth1: Broadcom BCM4320 802.11 Wireless Controller 4.150.10.29
Dec 31 16:00:07 firewall user.warn kernel: ip_conntrack_rtsp v0.01 loading
Dec 31 16:00:07 firewall user.warn kernel: ip_nat_rtsp v0.01 loading
Dec 31 16:00:07 firewall user.warn kernel: ip_conntrack_pptp version 1.9 loaded
Dec 31 16:00:07 firewall user.warn kernel: ip_nat_pptp version 1.5 loaded
Dec 31 16:00:07 firewall user.warn kernel: Algorithmics/MIPS FPU Emulator v1.5
Dec 31 16:00:07 firewall user.debug kernel: vlan0: dev_set_allmulti(master, 1)
Dec 31 16:00:07 firewall user.debug kernel: vlan0: dev_set_promiscuity(master, 1)
Dec 31 16:00:07 firewall user.info kernel: device eth0 entered promiscuous mode
Dec 31 16:00:07 firewall user.info kernel: device vlan0 entered promiscuous mode
Dec 31 16:00:07 firewall user.info kernel: device eth1 entered promiscuous mode
Dec 31 16:00:07 firewall user.info kernel: br0: port 2(eth1) entering learning state
Dec 31 16:00:07 firewall user.info kernel: br0: port 1(vlan0) entering learning state
Dec 31 16:00:07 firewall user.info kernel: br0: port 2(eth1) entering forwarding state
Dec 31 16:00:07 firewall user.info kernel: br0: topology change detected, propagating
Dec 31 16:00:07 firewall user.info kernel: br0: port 1(vlan0) entering forwarding state
Dec 31 16:00:07 firewall user.info kernel: br0: topology change detected, propagating
Dec 31 16:00:07 firewall user.warn kernel: vlan1: Setting MAC address to  b4 75 0e e3 94 0b.
Dec 31 16:00:07 firewall user.info kernel: IMQ driver loaded.
Dec 31 16:00:07 firewall user.info kernel: 	Hooking IMQ before NAT on PREROUTING.
Dec 31 16:00:07 firewall user.info kernel: 	Hooking IMQ after NAT on POSTROUTING.
Dec 31 16:00:07 firewall user.info kernel: ipt_recent v0.3.1: Stephen Frost <sfrost@snowman.net>.  http://snowman.net/projects/ipt_recent/
Dec 31 16:00:09 firewall user.debug kernel: vlan1: add 01:00:5e:00:00:01 mcast address to master interface
Dec 31 16:00:10 firewall user.debug dhcpc-event[140]: 182: pptp peerdns disabled
Dec 31 16:00:10 firewall authpriv.warn dropbear[137]: Failed loading /etc/dropbear/dropbear_ecdsa_host_key
Dec 31 16:00:10 firewall authpriv.info dropbear[145]: Running in background
Dec 31 16:00:10 firewall daemon.info dnsmasq[147]: started, version 2.71 cachesize 1500
Dec 31 16:00:10 firewall daemon.info dnsmasq[147]: compile time options: no-IPv6 GNU-getopt no-RTC no-DBus no-i18n no-IDN DHCP no-DHCPv6 no-Lua TFTP no-conntrack no-ipset Tomato-helper auth no-DNSSEC
Dec 31 16:00:10 firewall daemon.warn dnsmasq[147]: warning: interface tun21 does not currently exist
Dec 31 16:00:10 firewall daemon.info dnsmasq[147]: asynchronous logging enabled, queue limit is 5 messages
Dec 31 16:00:10 firewall daemon.info dnsmasq-dhcp[147]: DHCP, IP range 192.168.2.100 -- 192.168.2.149, lease time 1d
Dec 31 16:00:10 firewall daemon.info dnsmasq[147]: reading /etc/resolv.dnsmasq
Dec 31 16:00:10 firewall daemon.info dnsmasq[147]: using nameserver 75.75.75.75#53
Dec 31 16:00:10 firewall daemon.info dnsmasq[147]: using nameserver 75.75.76.76#53
Dec 31 16:00:10 firewall daemon.info dnsmasq[147]: read /etc/hosts - 2 addresses
Dec 31 16:00:10 firewall daemon.info dnsmasq[147]: read /etc/dnsmasq/hosts/hosts - 21 addresses
Dec 31 16:00:10 firewall daemon.info dnsmasq-dhcp[147]: read /etc/dnsmasq/dhcp/dhcp-hosts
Dec 31 16:00:11 firewall user.debug init[1]: starting rstats.
Dec 31 16:00:11 firewall user.debug init[1]: starting cstats.
Dec 31 16:00:11 firewall user.info init[1]: Linksys WRT54G/GS/GL: Tomato 1.28.0005 124 ND VPN
Dec 31 16:00:11 firewall user.debug init[1]: 182: pptp peerdns disabled
Dec 31 16:00:11 firewall daemon.info dnsmasq[147]: exiting on receipt of SIGTERM
Dec 31 16:00:11 firewall daemon.info dnsmasq[165]: started, version 2.71 cachesize 1500
Dec 31 16:00:11 firewall daemon.info dnsmasq[165]: compile time options: no-IPv6 GNU-getopt no-RTC no-DBus no-i18n no-IDN DHCP no-DHCPv6 no-Lua TFTP no-conntrack no-ipset Tomato-helper auth no-DNSSEC
Dec 31 16:00:11 firewall daemon.warn dnsmasq[165]: warning: interface tun21 does not currently exist
Dec 31 16:00:11 firewall daemon.info dnsmasq[165]: asynchronous logging enabled, queue limit is 5 messages
Dec 31 16:00:11 firewall daemon.info dnsmasq-dhcp[165]: DHCP, IP range 192.168.2.100 -- 192.168.2.149, lease time 1d
Dec 31 16:00:11 firewall daemon.info dnsmasq[165]: reading /etc/resolv.dnsmasq
Dec 31 16:00:11 firewall daemon.info dnsmasq[165]: using nameserver 75.75.75.75#53
Dec 31 16:00:11 firewall daemon.info dnsmasq[165]: using nameserver 75.75.76.76#53
Dec 31 16:00:11 firewall daemon.info dnsmasq[165]: read /etc/hosts - 2 addresses
Dec 31 16:00:11 firewall daemon.info dnsmasq[165]: read /etc/dnsmasq/hosts/hosts - 21 addresses
Dec 31 16:00:11 firewall daemon.info dnsmasq-dhcp[165]: read /etc/dnsmasq/dhcp/dhcp-hosts
Nov 22 03:30:39 firewall user.info kernel: Universal TUN/TAP device driver 1.5 (C)1999-2002 Maxim Krasnyansky
Nov 22 03:30:41 firewall user.info kernel: device tun21 entered promiscuous mode
Nov 22 03:30:41 firewall daemon.notice openvpn[520]: OpenVPN 2.3.6 mipsel-unknown-linux-gnu [SSL (OpenSSL)] [LZO] [EPOLL] [MH] [IPv6] built on Dec 25 2014
Nov 22 03:30:41 firewall daemon.notice openvpn[520]: library versions: OpenSSL 1.0.1j 15 Oct 2014, LZO 2.08
Nov 22 03:30:43 firewall daemon.notice openvpn[520]: Diffie-Hellman initialized with 2048 bit key
Nov 22 03:30:43 firewall daemon.notice openvpn[520]: Socket Buffers: R=[32767->65534] S=[32767->65534]
Nov 22 03:30:43 firewall daemon.notice openvpn[520]: TUN/TAP device tun21 opened
Nov 22 03:30:43 firewall daemon.notice openvpn[520]: TUN/TAP TX queue length set to 100
Nov 22 03:30:43 firewall daemon.notice openvpn[520]: do_ifconfig, tt->ipv6=0, tt->did_ifconfig_ipv6_setup=0
Nov 22 03:30:43 firewall daemon.notice openvpn[520]: /sbin/ifconfig tun21 10.8.0.1 pointopoint 10.8.0.2 mtu 1500
Nov 22 03:30:43 firewall daemon.notice openvpn[520]: /sbin/route add -net 10.8.0.0 netmask 255.255.255.0 gw 10.8.0.2
Nov 22 03:30:43 firewall daemon.notice openvpn[530]: UDPv4 link local (bound): [undef]
Nov 22 03:30:43 firewall daemon.notice openvpn[530]: UDPv4 link remote: [undef]
Nov 22 03:30:43 firewall daemon.notice openvpn[530]: MULTI: multi_init called, r=256 v=256
Nov 22 03:30:43 firewall daemon.notice openvpn[530]: IFCONFIG POOL: base=10.8.0.4 size=62, ipv6=0
Nov 22 03:30:43 firewall daemon.notice openvpn[530]: Initialization Sequence Completed
Nov 22 03:31:21 firewall cron.err crond[152]: time disparity of 24663571 minutes detected
Nov 22 04:00:01 firewall syslog.info root: -- MARK --
Nov 22 05:00:01 firewall syslog.info root: -- MARK --
Nov 22 06:00:01 firewall syslog.info root: -- MARK --
Nov 22 07:00:01 firewall syslog.info root: -- MARK --
Nov 22 08:00:01 firewall syslog.info root: -- MARK --
Nov 22 09:00:01 firewall syslog.info root: -- MARK --
Nov 22 10:00:02 firewall syslog.info root: -- MARK --
Nov 22 11:00:01 firewall syslog.info root: -- MARK --
Nov 22 12:00:01 firewall syslog.info root: -- MARK --
Nov 22 12:51:50 firewall daemon.notice openvpn[530]: 50.232.12.18:59478 TLS: Initial packet from [AF_INET]50.232.12.18:59478, sid=5ef52d6f 47b24302
Nov 22 12:51:51 firewall daemon.notice openvpn[530]: 50.232.12.18:59478 VERIFY OK: depth=1, CN=Easy-RSA CA
Nov 22 12:51:51 firewall daemon.notice openvpn[530]: 50.232.12.18:59478 VERIFY OK: depth=0, CN=MBP
Nov 22 12:51:53 firewall daemon.notice openvpn[530]: 50.232.12.18:59478 Data Channel Encrypt: Cipher 'BF-CBC' initialized with 128 bit key
Nov 22 12:51:53 firewall daemon.notice openvpn[530]: 50.232.12.18:59478 Data Channel Encrypt: Using 160 bit message hash 'SHA1' for HMAC authentication
Nov 22 12:51:53 firewall daemon.notice openvpn[530]: 50.232.12.18:59478 Data Channel Decrypt: Cipher 'BF-CBC' initialized with 128 bit key
Nov 22 12:51:53 firewall daemon.notice openvpn[530]: 50.232.12.18:59478 Data Channel Decrypt: Using 160 bit message hash 'SHA1' for HMAC authentication
Nov 22 12:51:53 firewall daemon.notice openvpn[530]: 50.232.12.18:59478 Control Channel: TLSv1, cipher TLSv1/SSLv3 DHE-RSA-AES256-SHA, 2048 bit RSA
Nov 22 12:51:53 firewall daemon.notice openvpn[530]: 50.232.12.18:59478 [MBP] Peer Connection Initiated with [AF_INET]50.232.12.18:59478
Nov 22 12:51:53 firewall daemon.notice openvpn[530]: MBP/50.232.12.18:59478 MULTI_sva: pool returned IPv4=10.8.0.6, IPv6=(Not enabled)
Nov 22 12:51:53 firewall daemon.notice openvpn[530]: MBP/50.232.12.18:59478 MULTI: Learn: 10.8.0.6 -> MBP/50.232.12.18:59478
Nov 22 12:51:53 firewall daemon.notice openvpn[530]: MBP/50.232.12.18:59478 MULTI: primary virtual IP for MBP/50.232.12.18:59478: 10.8.0.6
Nov 22 12:51:55 firewall daemon.notice openvpn[530]: MBP/50.232.12.18:59478 PUSH: Received control message: 'PUSH_REQUEST'
Nov 22 12:51:55 firewall daemon.notice openvpn[530]: MBP/50.232.12.18:59478 send_push_reply(): safe_cap=940
Nov 22 12:51:55 firewall daemon.notice openvpn[530]: MBP/50.232.12.18:59478 SENT CONTROL [MBP]: 'PUSH_REPLY,route 192.168.2.0 255.255.255.0,dhcp-option DNS 192.168.2.1,redirect-gateway def1,route 10.8.0.1,topology net30,ping 15,ping-restart 60,ifconfig 10.8.0.6 10.8.0.5' (s
Nov 22 12:55:09 firewall authpriv.info dropbear[680]: Child connection from 10.8.0.6:61334
Nov 22 12:55:12 firewall authpriv.notice dropbear[680]: Pubkey auth succeeded for 'root' with key md5 90:9f:38:ac:8b:89:1f:b3:54:c7:f7:f9:d5:0b:24:db from 10.8.0.6:61334
